HELLO! BOOT0 is starting!
boot0 version : 4.0.0
fel_flag = 0x00000000
rtc[0] value = 0x00000000
rtc[1] value = 0x00000000
rtc[2] value = 0x00000000
rtc[3] value = 0x00000000
rtc[4] value = 0x00000000
rtc[5] value = 0x00000000
rtc[6] value = 0x00000000
rtc[7] value = 0x00000000
DRAM DRIVE INFO: V0.8
DRAM Type = 3 (2:DDR2,3:DDR3,6:LPDDR2,7:LPDDR3)
DRAM CLK = 672 MHz
DRAM zq value: 003b3bfb
READ DQS LCDL = 001e1f1f
DRAM SIZE =2048 M
odt delay 
dram size =2048
card boot number = 0
card no is 0
sdcard 0 line count 4
[mmc]: mmc driver ver 2014-12-10 21:20:39
[mmc]: ***Try SD card 0***
[mmc]: SD/MMC Card: 4bit, capacity: 7600MB
[mmc]: vendor: Man 00413432 Snr 0053d02e
[mmc]: product: SD8GB
[mmc]: revision: 3.0
[mmc]: ***SD/MMC 0 init OK!!!***
sdcard 0 init ok
The size of uboot is 000dc000.
sum=ede66ee7
src_sum=ede66ee7
Succeed in loading uboot from sdmmc flash.
Ready to disable icache.
Jump to secend Boot.
SUNXI_NORMAL_MODE   
already secure mode

[      0.364]

U-Boot 2011.09-rc1 (Jun 21 2015 - 19:33:17) Allwinner Technology 

[      0.371]version: 1.1.0
normal mode
[      0.379]pmbus:   ready
not set main pmu id
axp_probe error
[      0.394]PMU: pll1 1200 Mhz,PLL6=600 Mhz
AXI=400 Mhz,AHB=200 Mhz, APB1=100 Mhz 
sid read already 
fel key new mode
run key detect
no key found
no key input
dram_para_set start
dram_para_set end
normal mode
[      0.424]DRAM:  2 GiB
relocation Offset is: 75af9000
[box standby] read rtc = 0x0
[box_start_os] mag be start_type no use
user_gpio config
user_gpio ok
gic: normal or no secure os mode
workmode = 0
MMC:	 0
[      0.498][mmc]: mmc driver ver 2014-12-10 9:23:00
[      0.503][mmc]: get sdc_phy_wipe fail.
[      0.507][mmc]: get sdc0 sdc_erase fail.
[      0.511][mmc]: get sdc_f_max fail,use default 50000000Hz
[      0.516][mmc]: get sdc_ex_dly_used fail,use default dly
[      0.522][mmc]: SUNXI SD/MMC: 0
[      0.535][mmc]: *Try SD card 0*
[      0.568][mmc]: CID 0x41343253 0x44384742 0x300053d0 0x2e00e7cf
[      0.573][mmc]: mmc clk 50000000
[      0.577][mmc]: SD/MMC Card: 4bit, capacity: 7600MB
[      0.582][mmc]: boot0 capacity: 0KB,boot1 capacity: 0KB
[      0.587][mmc]: ***SD/MMC 0 init OK!!!***
[      0.592][mmc]: erase_grp_size:0x1WrBlk * 0x200 = 0x200 Byte
[      0.597][mmc]: secure_feature 0x0
[      0.601][mmc]: secure_removal_type  0x0
[      0.605]sunxi flash init ok
script config pll_de to 864 Mhz
Not Found clk pll_video1 in script 
script config pll_video to 297 Mhz
[boot]disp_init_tv
[DISP_TV] disp_init_tv enter g_tv_used
screen 0 do not support TV TYPE!
[BOOOT_DISP_TV] disp tv device_registered
unable to find regulator vcc-hdmi-18 from [pmu1_regu] or [pmu2_regu] 
enable power vcc-hdmi-18, ret=-1
DRV_DISP_Init end
boot_disp.auto_hpd=1
auto hpd check has 100 times!
auto check no any connected, the output_type is 4
[disk_read_fs] no the partition
error: open disp_rsl.fex, maybe it is not exist
not support this mode[4], use inline mode[4]
attched ok, mgr0<-->device0, type=4, mode=4----
ready to set mode
[      1.985]finally, output_type=0x4, output_mode=0x4, screen_id=0x0, disp_para=0x0
fail to find part named env
Using default environment

In:    serial
Out:   serial
Err:   serial
--------fastboot partitions--------
mbr not exist
base bootcmd=run setargs_mmc boot_normal
bootcmd set setargs_mmc
key 0
cant find rcvy value
cant find fstbt value
no misc partition is found
to be run cmd=run setargs_mmc boot_normal
[      2.022][mmc]: MMC Device 2 not found
[      2.026][mmc]: Can not find mmc dev
[      2.029][mmc]: read first backup failed in fun sdmmc_secure_storage_read line 1849
sunxi_secstorage_read fail
get secure storage map err
the private part isn't exist
WORK_MODE_BOOT
adver not need show
sunxi_bmp_logo_display
[disk_read_fs] no the partition
error: open bootlogo.bmp, maybe it is not exist
sunxi bmp info error : unable to open logo file bootlogo.bmp
[      2.062]Hit any key to stop autoboot:  3  2  1  0 
[      5.330][mmc]: blkcnt should not be 0
[      6.014][mmc]: blkcnt should not be 0
## Booting kernel from Legacy Image at 40007800 ...
   Image Name:   Linux-3.4.39
   Image Type:   ARM Linux Kernel Image (uncompressed)
   Data Size:    10915552 Bytes = 10.4 MiB
   Load Address: 40008000
   Entry Point:  40008000
   Verifying Checksum ... OK
   Loading Kernel Image ... OK
OK
[      6.205][mmc]: MMC Device 2 not found
[      6.209][mmc]:  mmc  not find,so not exit
[      6.213]
Starting kernel ...

[sun8i_fixup]: From boot, get meminfo:

	Start:	0x40000000

	Size:	2048MB

ion_carveout reserve: 160m@0 256m@0 130m@1 200m@1

ion_reserve_common: ion reserve: [0xb0000000, 0xc0000000]!

[    0.000000] Booting Linux on physical CPU 0

[    0.000000] Initializing cgroup subsys cpu

[    0.000000] Linux version 3.4.39 (boris@UbuntuMate) (gcc version 4.6.3 20120201 (prerelease) (crosstool-NG linaro-1.13.1-2012.02-20120222 - Linaro GCC 2012.02) ) #1 SMP PREEMPT Mon Oct 12 12:02:29 CEST 2015

[    0.000000] Ignoring tag cmdline (using the default kernel command line)

[    0.000000] bootconsole [earlycon0] enabled

[    0.000000] cma: CMA: reserved 256 MiB at b0000000

[    0.000000] Memory policy: ECC disabled, Data cache writealloc

[    0.000000] On node 0 totalpages: 524288

[    0.000000] free_area_init_node: node 0, pgdat c1000cc0, node_mem_map c10dd000

[    0.000000]   Normal zone: 1710 pages used for memmap

[    0.000000]   Normal zone: 0 pages reserved

[    0.000000]   Normal zone: 192850 pages, LIFO batch:31

[    0.000000]   HighMem zone: 2898 pages used for memmap

[    0.000000]   HighMem zone: 326830 pages, LIFO batch:31

[    0.000000] script_init enter!

[    0.000000] script_init exit!

[    0.000000] PERCPU: Embedded 8 pages/cpu @c22f9000 s11840 r8192 d12736 u32768

[    0.000000] pcpu-alloc: s11840 r8192 d12736 u32768 alloc=8*4096

[    0.000000] pcpu-alloc: [0] 0 [0] 1 [0] 2 [0] 3 

[    0.000000] Built 1 zonelists in Zone order, mobility grouping on.  Total pages: 519680

[    0.000000] Kernel command line: earlyprintk=ttyS0,115200 loglevel=8 initcall_debug=0 console=ttyS0,115200 console=tty0 init=/init

[    0.000000] PID hash table entries: 4096 (order: 2, 16384 bytes)

[    0.000000] Dentry cache hash table entries: 131072 (order: 7, 524288 bytes)

[    0.000000] Inode-cache hash table entries: 65536 (order: 6, 262144 bytes)

[    0.000000] Memory: 2048MB = 2048MB total

[    0.000000] Memory: 1798016k/1798016k available, 299136k reserved, 1056768K highmem

[    0.000000] Virtual kernel memory layout:

[    0.000000]     vector  : 0xffff0000 - 0xffff1000   (   4 kB)

[    0.000000]     fixmap  : 0xfff00000 - 0xfffe0000   ( 896 kB)

[    0.000000]     vmalloc : 0xf0000000 - 0xff000000   ( 240 MB)

[    0.000000]     lowmem  : 0xc0000000 - 0xef800000   ( 760 MB)

[    0.000000]     pkmap   : 0xbfe00000 - 0xc0000000   (   2 MB)

[    0.000000]     modules : 0xbf000000 - 0xbfe00000   (  14 MB)

[    0.000000]       .text : 0xc0008000 - 0xc0986378   (9721 kB)

[    0.000000]       .init : 0xc0987000 - 0xc0f86e40   (6144 kB)

[    0.000000]       .data : 0xc0f88000 - 0xc1003738   ( 494 kB)

[    0.000000]        .bss : 0xc1003eec - 0xc10dc400   ( 866 kB)

[    0.000000] Preemptible hierarchical RCU implementation.

[    0.000000] 	Additional per-CPU info printed with stalls.

[    0.000000] NR_IRQS:544

[    0.000000] Architected local timer running at 24.00MHz.

[    0.000000] Switching to timer-based delay loop

[    0.000000] sched_clock: 32 bits at 24MHz, resolution 41ns, wraps every 178956ms

[    0.000000] Console: colour dummy device 80x30

[    0.000000] console [tty0] enabled, bootconsole disabled

[    0.000000] Booting Linux on physical CPU 0
[    0.000000] Initializing cgroup subsys cpu
[    0.000000] Linux version 3.4.39 (boris@UbuntuMate) (gcc version 4.6.3 20120201 (prerelease) (crosstool-NG linaro-1.13.1-2012.02-20120222 - Linaro GCC 2012.02) ) #1 SMP PREEMPT Mon Oct 12 12:02:29 CEST 2015
[    0.000000] CPU: ARMv7 Processor [410fc075] revision 5 (ARMv7), cr=10c5387d
[    0.000000] CPU: PIPT / VIPT nonaliasing data cache, VIPT aliasing instruction cache
[    0.000000] Machine: sun8i
[    0.000000] Ignoring tag cmdline (using the default kernel command line)
[    0.000000] bootconsole [earlycon0] enabled
[    0.000000] cma: CMA: reserved 256 MiB at b0000000
[    0.000000] Memory policy: ECC disabled, Data cache writealloc
[    0.000000] On node 0 totalpages: 524288
[    0.000000] free_area_init_node: node 0, pgdat c1000cc0, node_mem_map c10dd000
[    0.000000]   Normal zone: 1710 pages used for memmap
[    0.000000]   Normal zone: 0 pages reserved
[    0.000000]   Normal zone: 192850 pages, LIFO batch:31
[    0.000000]   HighMem zone: 2898 pages used for memmap
[    0.000000]   HighMem zone: 326830 pages, LIFO batch:31
[    0.000000] script_init enter!
[    0.000000] script_init exit!
[    0.000000] PERCPU: Embedded 8 pages/cpu @c22f9000 s11840 r8192 d12736 u32768
[    0.000000] pcpu-alloc: s11840 r8192 d12736 u32768 alloc=8*4096
[    0.000000] pcpu-alloc: [0] 0 [0] 1 [0] 2 [0] 3 
[    0.000000] Built 1 zonelists in Zone order, mobility grouping on.  Total pages: 519680
[    0.000000] Kernel command line: earlyprintk=ttyS0,115200 loglevel=8 initcall_debug=0 console=ttyS0,115200 console=tty0 init=/init
[    0.000000] PID hash table entries: 4096 (order: 2, 16384 bytes)
[    0.000000] Dentry cache hash table entries: 131072 (order: 7, 524288 bytes)
[    0.000000] Inode-cache hash table entries: 65536 (order: 6, 262144 bytes)
[    0.000000] Memory: 2048MB = 2048MB total
[    0.000000] Memory: 1798016k/1798016k available, 299136k reserved, 1056768K highmem
[    0.000000] Virtual kernel memory layout:
[    0.000000]     vector  : 0xffff0000 - 0xffff1000   (   4 kB)
[    0.000000]     fixmap  : 0xfff00000 - 0xfffe0000   ( 896 kB)
[    0.000000]     vmalloc : 0xf0000000 - 0xff000000   ( 240 MB)
[    0.000000]     lowmem  : 0xc0000000 - 0xef800000   ( 760 MB)
[    0.000000]     pkmap   : 0xbfe00000 - 0xc0000000   (   2 MB)
[    0.000000]     modules : 0xbf000000 - 0xbfe00000   (  14 MB)
[    0.000000]       .text : 0xc0008000 - 0xc0986378   (9721 kB)
[    0.000000]       .init : 0xc0987000 - 0xc0f86e40   (6144 kB)
[    0.000000]       .data : 0xc0f88000 - 0xc1003738   ( 494 kB)
[    0.000000]        .bss : 0xc1003eec - 0xc10dc400   ( 866 kB)
[    0.000000] Preemptible hierarchical RCU implementation.
[    0.000000] 	Additional per-CPU info printed with stalls.
[    0.000000] NR_IRQS:544
[    0.000000] Architected local timer running at 24.00MHz.
[    0.000000] Switching to timer-based delay loop
[    0.000000] sched_clock: 32 bits at 24MHz, resolution 41ns, wraps every 178956ms
[    0.000000] Console: colour dummy device 80x30
[    0.000000] console [tty0] enabled, bootconsole disabled
[    0.019915] Calibrating delay loop (skipped), value calculated using timer frequency.. 4800.00 BogoMIPS (lpj=24000000)
[    0.019969] pid_max: default: 32768 minimum: 301
[    0.020238] Mount-cache hash table entries: 512
[    0.021117] Initializing cgroup subsys cpuacct
[    0.021146] Initializing cgroup subsys freezer
[    0.021194] CPU: Testing write buffer coherency: ok
[    0.021248] ftrace: allocating 26203 entries in 77 pages
[    0.050267] CPU0: thread -1, cpu 0, socket 0, mpidr 80000000
[    0.050300] [sunxi_smp_prepare_cpus] enter
[    0.050340] Setting up static identity map for 0x406d2af0 - 0x406d2b48
[    0.051176] CPU1: Booted secondary processor
[    0.051176] CPU1: thread -1, cpu 1, socket 0, mpidr 80000001
[    0.051309] CPU2: Booted secondary processor
[    0.051309] CPU2: thread -1, cpu 2, socket 0, mpidr 80000002
[    0.051309] CPU3: Booted secondary processor
[    0.051309] CPU3: thread -1, cpu 3, socket 0, mpidr 80000003
[    0.060170] Brought up 4 CPUs
[    0.060252] SMP: Total of 4 processors activated (19200.00 BogoMIPS).
[    0.060833] devtmpfs: initialized
[    0.063124] wakeup src cnt is : 1. 
[    0.063143] [exstandby]leave extended_standby_enable_wakeup_src : event 0x800000
[    0.063166] [exstandby]leave extended_standby_enable_wakeup_src : wakeup_gpio_map 0x0
[    0.063190] [exstandby]leave extended_standby_enable_wakeup_src : wakeup_gpio_group 0x40
[    0.063215] sunxi pm init
[    0.063346] pinctrl core: initialized pinctrl subsystem
[    0.073806] NET: Registered protocol family 16
[    0.074454] DMA: preallocated 2048 KiB pool for atomic coherent allocations
[    0.074454] script_sysfs_init success
[    0.074454] sunxi_dump_init success
[    0.074454] gpiochip_add: registered GPIOs 0 to 383 on device: sunxi-pinctrl
[    0.074454] sunxi-pinctrl sunxi-pinctrl: initialized sunXi PIO driver
[    0.074454] hw-breakpoint: found 5 (+1 reserved) breakpoint and 4 watchpoint registers.
[    0.074454] hw-breakpoint: maximum watchpoint size is 8 bytes.
[    0.074462] script config pll_video to 297 Mhz
[    0.074487] script config pll_de to 864 Mhz
[    0.074508] script config pll_ve to 402 Mhz
[    0.074541] sunxi_default_clk_init
[    0.074557] try to set pll6ahb1 to 200000000
[    0.074583] try to set ahb clk source to pll6ahb1
[    0.074601] set ahb clk source to pll6ahb1
[    0.074619] try to set ahb1 to 200000000
[    0.074637] try to set apb1 to 100000000
[    0.074964] ===fe3o4==== sunxi_root_procfs_attach ret:0
[    0.080384] bio: create slab <bio-0> at 0
[    0.080384] [ARISC] :sunxi-arisc driver v1.04
[    0.094926] [ARISC] :arisc version: [v0.1.34]
[    0.171463] [ARISC] :sunxi-arisc driver v1.04 startup succeeded
[    0.180380] SCSI subsystem initialized
[    0.180563] usbcore: registered new interface driver usbfs
[    0.180642] usbcore: registered new interface driver hub
[    0.180681] usbcore: registered new device driver usb
[    0.180681] twi_chan_cfg()335 - [twi0] has no twi_regulator.
[    0.180681] twi_chan_cfg()335 - [twi1] has no twi_regulator.
[    0.180681] twi_chan_cfg()335 - [twi2] has no twi_regulator.
[    0.180723] Linux video capture interface: v2.00
[    0.180913] Advanced Linux Sound Architecture Driver Version 1.0.25.
[    0.181390] Bluetooth: Core ver 2.16
[    0.181436] NET: Registered protocol family 31
[    0.181457] Bluetooth: HCI device and connection manager initialized
[    0.181484] Bluetooth: HCI socket layer initialized
[    0.181506] Bluetooth: L2CAP socket layer initialized
[    0.181546] Bluetooth: SCO socket layer initialized
[    0.181748] cfg80211: Calling CRDA to update world regulatory domain
[    0.181821] Switching to clocksource arch_sys_counter
[    0.191983] FS-Cache: Loaded
[    0.192265] CacheFiles: Loaded
[    0.201813] NET: Registered protocol family 2
[    0.202075] IP route cache hash table entries: 32768 (order: 5, 131072 bytes)
[    0.202599] TCP established hash table entries: 131072 (order: 8, 1048576 bytes)
[    0.204212] TCP bind hash table entries: 65536 (order: 7, 786432 bytes)
[    0.205004] TCP: Hash tables configured (established 131072 bind 65536)
[    0.205028] TCP: reno registered
[    0.205047] UDP hash table entries: 512 (order: 2, 16384 bytes)
[    0.205092] UDP-Lite hash table entries: 512 (order: 2, 16384 bytes)
[    0.205368] NET: Registered protocol family 1
[    0.205708] RPC: Registered named UNIX socket transport module.
[    0.205735] RPC: Registered udp transport module.
[    0.205753] RPC: Registered tcp transport module.
[    0.205770] RPC: Registered tcp NFSv4.1 backchannel transport module.
[    0.545380] hw perfevents: enabled with ARMv7 Cortex_A7 PMU driver, 5 counters available
[    0.545526] sunxi_reg_init enter
[    0.546243] audit: initializing netlink socket (disabled)
[    0.546305] type=2000 audit(0.540:1): initialized
[    0.547354] highmem bounce pool size: 64 pages
[    0.548189] NFS: Registering the id_resolver key type
[    0.548538] Installing knfsd (copyright (C) 1996 okir@monad.swb.de).
[    0.549184] NTFS driver 2.1.30 [Flags: R/W].
[    0.549311] fuse init (API version 7.18)
[    0.550038] Btrfs loaded
[    0.550076] msgmni has been set to 1447
[    0.551085] io scheduler noop registered
[    0.551110] io scheduler deadline registered
[    0.551195] io scheduler cfq registered (default)
[    0.551608] [DISP]disp_module_init
[    0.551889] cmdline,disp=
[    0.555571] [DISP] Fb_map_kernel_logo,line:925:Fb_map_kernel_logo failed!
[    0.561240] Console: switching to colour frame buffer device 100x30
[    0.572509] [DISP]disp_module_init finish
[    0.575108] sw_uart_get_devinfo()1503 - uart0 has no uart_regulator.
[    0.577561] sw_uart_get_devinfo()1503 - uart2 has no uart_regulator.
[    0.579924] sw_uart_get_devinfo()1503 - uart3 has no uart_regulator.
[    0.582631] uart0: ttyS0 at MMIO 0x1c28000 (irq = 32) is a SUNXI
[    0.584931] sw_uart_pm()890 - uart0 clk is already enable
[    0.587203] sw_console_setup()1233 - console setup baud 115200 parity n bits 8, flow n
[    0.685324] console [ttyS0] enabled
[    1.228710] uart2: ttyS2 at MMIO 0x1c28800 (irq = 34) is a SUNXI
[    1.367503] uart3: ttyS3 at MMIO 0x1c28c00 (irq = 35) is a SUNXI
[    1.496865] sunxi_cmatest_init enter
[    1.628096] sunxi_cmatest_init success
[    1.774610] loop: module loaded
[    1.870197] sunxi_spi_chan_cfg()1355 - [spi-0] has no spi_regulator.
[    1.879584] sunxi_spi_chan_cfg()1355 - [spi-1] has no spi_regulator.
[    1.889392] spi spi0: master is unqueued, this is deprecated
[    1.898242] tun: Universal TUN/TAP device driver, 1.6
[    1.906145] tun: (C) 1999-2004 Max Krasnyansky <maxk@qualcomm.com>
[    1.916069] PPP generic driver version 2.4.2
[    1.923244] PPP BSD Compression module registered
[    1.930746] PPP Deflate Compression module registered
[    1.940914] PPP MPPE Compression module registered
[    1.948570] NET: Registered protocol family 24
[    1.955861] PPTP driver version 0.8.5
[    1.962484] ehci_hcd: USB 2.0 'Enhanced' Host Controller (EHCI) Driver
[    1.992263] sunxi-ehci sunxi-ehci.1: SW USB2.0 'Enhanced' Host Controller (EHCI) Driver
[    2.003724] sunxi-ehci sunxi-ehci.1: new USB bus registered, assigned bus number 1
[    2.015260] sunxi-ehci sunxi-ehci.1: irq 104, io mem 0xf1c1a000
[    2.040039] sunxi-ehci sunxi-ehci.1: USB 0.0 started, EHCI 1.00
[    2.049650] hub 1-0:1.0: USB hub found
[    2.056251] hub 1-0:1.0: 1 port detected
[    2.083301] sunxi-ehci sunxi-ehci.2: SW USB2.0 'Enhanced' Host Controller (EHCI) Driver
[    2.094759] sunxi-ehci sunxi-ehci.2: new USB bus registered, assigned bus number 2
[    2.106248] sunxi-ehci sunxi-ehci.2: irq 106, io mem 0xf1c1b000
[    2.130030] sunxi-ehci sunxi-ehci.2: USB 0.0 started, EHCI 1.00
[    2.139123] ehci_irq: highspeed device connect
[    2.146620] hub 2-0:1.0: USB hub found
[    2.153192] hub 2-0:1.0: 1 port detected
[    2.160254] ohci_hcd: USB 1.1 'Open' Host Controller (OHCI) Driver
[    2.189605] sunxi-ohci sunxi-ohci.1: SW USB2.0 'Open' Host Controller (OHCI) Driver
[    2.200654] sunxi-ohci sunxi-ohci.1: new USB bus registered, assigned bus number 3
[    2.211667] sunxi-ohci sunxi-ohci.1: irq 105, io mem 0xf1c1a400
[    2.284496] hub 3-0:1.0: USB hub found
[    2.291192] hub 3-0:1.0: 1 port detected
[    2.318420] sunxi-ohci sunxi-ohci.2: SW USB2.0 'Open' Host Controller (OHCI) Driver
[    2.329581] sunxi-ohci sunxi-ohci.2: new USB bus registered, assigned bus number 4
[    2.340650] sunxi-ohci sunxi-ohci.2: irq 107, io mem 0xf1c1b400
[    2.404486] hub 4-0:1.0: USB hub found
[    2.411218] hub 4-0:1.0: 1 port detected
[    2.418408] Initializing USB Mass Storage driver...
[    2.426505] usbcore: registered new interface driver usb-storage
[    2.435763] USB Mass Storage support registered.
[    2.443517] usbcore: registered new interface driver ums-alauda
[    2.452763] usbcore: registered new interface driver ums-cypress
[    2.462037] usbcore: registered new interface driver ums-datafab
[    2.470047] usb 2-1: new high-speed USB device number 2 using sunxi-ehci
[    2.481078] usbcore: registered new interface driver ums_eneub6250
[    2.490447] usbcore: registered new interface driver ums-freecom
[    2.499592] usbcore: registered new interface driver ums-isd200
[    2.508577] usbcore: registered new interface driver ums-jumpshot
[    2.517778] usbcore: registered new interface driver ums-karma
[    2.526550] usbcore: registered new interface driver ums-onetouch
[    2.535552] usbcore: registered new interface driver ums-realtek
[    2.544389] usbcore: registered new interface driver ums-sddr09
[    2.553099] usbcore: registered new interface driver ums-sddr55
[    2.561732] usbcore: registered new interface driver ums-usbat
[    2.570284] usbcore: registered new interface driver usbserial
[    2.578712] usbserial: USB Serial Driver core
[    2.585511] usbcore: registered new interface driver option
[    2.593628] USB Serial support registered for GSM modem (1-port)
[    2.602620] file system registered
[    2.609721] android_usb gadget: Mass Storage Function, version: 2009/09/11
[    2.619339] android_usb gadget: Number of LUNs=3
[    2.626435]  lun0: LUN: removable file: (no medium)
[    2.627555] hub 2-1:1.0: USB hub found
[    2.627682] hub 2-1:1.0: 4 ports detected
[    2.646029]  lun1: LUN: removable file: (no medium)
[    2.653277]  lun2: LUN: removable file: (no medium)
[    2.660788] android_usb gadget: android_usb ready
[    2.668006]  uinput result 0 , vmouse_init 
[    2.674954] mousedev: PS/2 mouse device common for all mice
[    2.683141] sunxikbd_init failed. 
[    2.688649] ls_fetch_sysconfig_para: type err  device_used = 0. 
[    2.697197] =========script_get_err============
[    2.704123] ltr_init: ls_fetch_sysconfig_para err.
[    2.711807] sunxi-rtc sunxi-rtc: rtc core: registered sunxi-rtc as rtc0
[    2.721123] i2c /dev entries driver
[    2.727271] IR RC5(x) protocol handler initialized
[    2.734692] sunxi tsc version 0.1 
[    2.740537] tscdev_init: tsc driver is disabled
[    2.747742] sunxi cedar version 0.1 
[    2.753861] [cedar]: install start!!!
[    2.760258] [cedar]: install end!!!
[    2.766294] sunxi_wdt_init_module: sunxi WatchDog Timer Driver v1.0
[    2.775681] sunxi_wdt_probe: devm_ioremap return wdt_reg 0xf1c20ca0, res->start 0x01c20ca0, res->end 0x01c20cbf
[    2.789300] sunxi_wdt_probe: initialized (g_timeout=16s, g_nowayout=0)
[    2.801823] wdt_enable, write reg 0xf1c20cb8 val 0x00000000
[    2.810602] timeout_to_interv, line 167
[    2.817393] interv_to_timeout, line 189
[    2.824147] wdt_set_tmout, write 0x000000b0 to mode reg 0xf1c20cb8, actual timeout 16 sec
[    2.836175] device-mapper: ioctl: 4.22.0-ioctl (2011-10-19) initialised: dm-devel@redhat.com
[    2.848267] Bluetooth: HCI UART driver ver 2.2
[    2.856190] [mmc]: SD/MMC/SDIO Host Controller Driver(v1.109 2014-12-4 20:51) Compiled in Oct 12 2015 at 12:00:18
[    2.873236] [mmc]: get mmc0's sdc_power is null!
[    2.881249] [mmc]: get mmc1's sdc_power is null!
[    2.889232] [mmc]: get mmc1's 2xmode ok, val = 1
[    2.897227] [mmc]: get mmc1's ddrmode ok, val = 1
[    2.905280] [mmc]: MMC host used card: 0x3, boot card: 0x0, io_card 2
[    2.916221] [mmc]: sdc0 set ios: clk 0Hz bm OD pm OFF vdd 3.3V width 1 timing LEGACY(SDR12) dt B
[    2.932241] [mmc]: sdc1 set ios: clk 0Hz bm OD pm OFF vdd 3.3V width 1 timing LEGACY(SDR12) dt B
[    2.947656] sunxi_leds_fetch_sysconfig_para script_parser_fetch "leds_para" leds_used = -1063626804
[    2.963478] =========script_get_err============
[    2.972701] usbcore: registered new interface driver usbhid
[    2.981635] usbhid: USB HID core driver
[    2.991931] asoc: sndcodec <-> sunxi-codec mapping ok
[    3.002403] asoc: sndhdmi <-> sunxi-hdmiaudio.0 mapping ok
[    3.011819] oprofile: using arm/armv7-ca7
[    3.019012] u32 classifier
[    3.024622]     Actions configured
[    3.031016] Netfilter messages via NETLINK v0.30.
[    3.038915] nf_conntrack version 0.5.0 (16384 buckets, 65536 max)
[    3.048641] ctnetlink v0.93: registering with nfnetlink.
[    3.057119] NF_TPROXY: Transparent proxy support initialized, version 4.1.0
[    3.067405] NF_TPROXY: Copyright (c) 2006-2007 BalaBit IT Ltd.
[    3.076700] xt_time: kernel timezone is -0000
[    3.083857] IPv4 over IPv4 tunneling driver
[    3.091048] gre: GRE over IPv4 demultiplexor driver
[    3.098618] ip_gre: GRE over IPv4 tunneling driver
[    3.106550] ip_tables: (C) 2000-2006 Netfilter Core Team
[    3.114682] arp_tables: (C) 2002 David S. Miller
[    3.121881] TCP: cubic registered
[    3.127465] Initializing XFRM netlink socket
[    3.134281] NET: Registered protocol family 10
[    3.142045] Mobile IPv6
[    3.146736] ip6_tables: (C) 2000-2006 Netfilter Core Team
[    3.154906] IPv6 over IPv4 tunneling driver
[    3.162408] NET: Registered protocol family 17
[    3.169315] NET: Registered protocol family 15
[    3.176407] Bluetooth: RFCOMM TTY layer initialized
[    3.183749] Bluetooth: RFCOMM socket layer initialized
[    3.191272] Bluetooth: RFCOMM ver 1.11
[    3.197197] Bluetooth: BNEP (Ethernet Emulation) ver 1.3
[    3.204868] Bluetooth: BNEP filters: protocol multicast
[    3.212425] Bluetooth: HIDP (Human Interface Emulation) ver 1.2
[    3.220890] L2TP core driver, V2.0
[    3.226408] PPPoL2TP kernel driver, V2.0
[    3.232489] L2TP IP encapsulation support (L2TPv3)
[    3.239595] L2TP netlink interface
[    3.245136] L2TP ethernet pseudowire support (L2TPv3)
[    3.252510] Registering the dns_resolver key type
[    3.259634] VFP support v0.3: implementor 41 architecture 2 part 30 variant 7 rev 5
[    3.269961] ThumbEE CPU extension supported.
[    3.276490] Registering SWP/SWPB emulation handler
[    3.284289] cmdline,disp=
[    3.288931] [HDMI] power vcc-hdmi-18
[    3.325325] sunxi-rtc sunxi-rtc: setting system clock to 1970-01-01 00:00:10 UTC (10)
[    3.335867] ths_fetch_sysconfig_para: type err  device_used = 1. 
[    3.345436] CPU Budget:Register notifier
[    3.351635] CPU Budget:register Success
[    3.357655] sunxi-budget-cooling sunxi-budget-cooling: Cooling device registered: thermal-budget-0
[    3.373622] [rf_pm]: select module num is 7
[    3.380230] [rf_pm]: module power0 name vcc-wifi-33
[    3.387552] [rf_pm]: failed to fetch module_power1
[    3.394781] [rf_pm]: mod has no chip_en gpio
[    3.401391] [rf_pm]: failed to fetch lpo_use_apclk
[    3.408569] [rf_pm]: regulator on.
[    3.414447] [wifi_pm]: wifi gpio init is OK !!
[    3.421316] ALSA device list:
[    3.426482]   #0: audiocodec
[    3.431563]   #1: sndhdmi
[    3.436346] Warning: unable to open an initial console.
[    3.448161] Freeing init memory: 6140K
[    3.915059] [mmc]: mmc 0 detect change, present 1
[    3.930102] [DISP] disp_device_attached_and_enable,line:159:attched ok, mgr0<-->device0, type=4, mode=31
[    4.420140] [mmc]: sdc0 set ios: clk 0Hz bm PP pm UP vdd 3.3V width 1 timing LEGACY(SDR12) dt B
[    4.438429] [mmc]: sdc0 power_supply is null
[    4.470102] [mmc]: sdc0 set ios: clk 400000Hz bm PP pm ON vdd 3.3V width 1 timing LEGACY(SDR12) dt B
[    4.512440] [mmc]: *** sunxi_mci_dump_errinfo(L826): smc 0 err, cmd 52,  RTO !!
[    4.528762] [mmc]: *** sunxi_mci_dump_errinfo(L826): smc 0 err, cmd 52,  RTO !!
[    4.544171] [mmc]: sdc0 set ios: clk 400000Hz bm PP pm ON vdd 3.3V width 1 timing LEGACY(SDR12) dt B
[    4.571380] [mmc]: sdc0 set ios: clk 400000Hz bm PP pm ON vdd 3.3V width 1 timing LEGACY(SDR12) dt B
[    4.597954] *******************Try sdio*******************
[    4.612448] [mmc]: *** sunxi_mci_dump_errinfo(L826): smc 0 err, cmd 5,  RTO !!
[    4.629235] [mmc]: *** sunxi_mci_dump_errinfo(L826): smc 0 err, cmd 5,  RTO !!
[    4.645723] [mmc]: *** sunxi_mci_dump_errinfo(L826): smc 0 err, cmd 5,  RTO !!
[    4.661853] [mmc]: *** sunxi_mci_dump_errinfo(L826): smc 0 err, cmd 5,  RTO !!
[    4.673199] *******************Try sd *******************
[    4.683154] [mmc]: sdc0 set ios: clk 400000Hz bm PP pm ON vdd 3.3V width 1 timing LEGACY(SDR12) dt B
[    4.700318] [mmc]: sdc0 set ios: clk 400000Hz bm PP pm ON vdd 3.3V width 1 timing LEGACY(SDR12) dt B
[    4.720317] [mmc]: sdc0 set ios: clk 400000Hz bm PP pm ON vdd 3.3V width 1 timing LEGACY(SDR12) dt B
[    4.751523] [mmc]: sdc0 set ios: clk 25000000Hz bm PP pm ON vdd 3.3V width 1 timing LEGACY(SDR12) dt B
[    4.771029] [mmc]: sdc0 set ios: clk 25000000Hz bm PP pm ON vdd 3.3V width 1 timing SD-HS(SDR25) dt B
[    4.789323] [mmc]: sdc0 set ios: clk 50000000Hz bm PP pm ON vdd 3.3V width 1 timing SD-HS(SDR25) dt B
[    4.807918] [mmc]: sdc0 set ios: clk 50000000Hz bm PP pm ON vdd 3.3V width 4 timing SD-HS(SDR25) dt B
[    4.826521] mmc0: new high speed SDHC card at address 0007
[    4.837153] mmcblk0: mmc0:0007 SD8GB 7.42 GiB 
[    4.846751]  mmcblk0: p1 p2
[    4.853675] *******************sd init ok*******************
[    9.835366] systemd-udevd[108]: starting version 215
[   13.406136] EXT4-fs (mmcblk0p2): mounted filesystem with ordered data mode. Opts: (null)
[   14.079165] systemd[1]: RTC configured in localtime, applying delta of 60 minutes to system time.
[   14.145689] systemd[1]: Failed to insert module 'autofs4'
[   14.350182] systemd[1]: systemd 219 running in system mode. (+PAM +AUDIT +SELINUX +IMA -APPARMOR +SMACK +SYSVINIT +UTMP +LIBCRYPTSETUP +GCRYPT +GNUTLS +ACL +XZ -LZ4 +SECCOMP +BLKID +ELFUTILS +KMOD +IDN)
[   14.379161] systemd[1]: Detected architecture arm.
[   14.399762] systemd[1]: Set hostname to <orangepi>.
[   14.847955] systemd[160]: /usr/lib/systemd/system-generators/anaconda-generator failed with error code 1.
[   14.915083] systemd[1]: Configuration file /usr/lib/systemd/system/auditd.service is marked world-inaccessible. This has no effect as configuration data is accessible via APIs without restrictions. Proceeding anyway.
[   15.113399] systemd[1]: Cannot add dependency job for unit tmp.mount, ignoring: Unit tmp.mount is masked.
[   15.133404] systemd[1]: Set up automount Arbitrary Executable File Formats File System Automount Point.
[   15.153746] systemd[1]: Created slice Root Slice.
[   15.161933] systemd[1]: Starting Root Slice.
[   15.172659] systemd[1]: Listening on Delayed Shutdown Socket.
[   15.181863] systemd[1]: Starting Delayed Shutdown Socket.
[   15.193723] systemd[1]: Listening on udev Control Socket.
[   15.202558] systemd[1]: Starting udev Control Socket.
[   15.214259] systemd[1]: Listening on Journal Audit Socket.
[   15.223129] systemd[1]: Starting Journal Audit Socket.
[   15.234556] systemd[1]: Created slice User and Session Slice.
[   15.243570] systemd[1]: Starting User and Session Slice.
[   15.254889] systemd[1]: Listening on Journal Socket.
[   15.262982] systemd[1]: Starting Journal Socket.
[   15.273528] systemd[1]: Listening on Device-mapper event daemon FIFOs.
[   15.283415] systemd[1]: Starting Device-mapper event daemon FIFOs.
[   15.295749] systemd[1]: Created slice System Slice.
[   15.303662] systemd[1]: Starting System Slice.
[   15.313740] systemd[1]: Created slice system-getty.slice.
[   15.322024] systemd[1]: Starting system-getty.slice.
[   15.329958] systemd[1]: Started Device-Mapper Multipath Device Controller.
[   15.410570] systemd[1]: Mounting Debug File System...
[   15.500677] systemd[1]: Starting Load legacy module configuration...
[   15.518591] systemd[1]: Reached target Slices.
[   15.527010] systemd[1]: Starting Slices.
[   15.537503] systemd[1]: Started Load Kernel Modules.
[   15.546704] systemd[1]: Mounted Configuration File System.
[   15.560397] systemd[1]: Created slice system-serial\x2dgetty.slice.
[   15.570907] systemd[1]: Starting system-serial\x2dgetty.slice.
[   15.663279] RTL871X: module init start
[   15.670214] RTL871X: rtl8189es v4.3.0.4_11916.20140724_COB
[   15.678983] RTL871X: build time: Oct  4 2015 12:31:50
[   15.687239] [wifi_pm]: set wl_reg_on 0 !
[   15.690386] systemd[1]: Mounting FUSE Control File System...
[   15.753443] [mmc]: sdc1 set ios: clk 0Hz bm PP pm UP vdd 3.3V width 1 timing LEGACY(SDR12) dt B
[   15.767199] [mmc]: sdc1 power_supply is null
[   15.774899] systemd[1]: Starting Setup Virtual Console...
[   15.790100] [mmc]: sdc1 set ios: clk 400000Hz bm PP pm ON vdd 3.3V width 1 timing LEGACY(SDR12) dt B
[   15.822427] [mmc]: *** sunxi_mci_dump_errinfo(L826): smc 1 err, cmd 52,  RTO !!
[   15.833537] systemd[1]: Starting Apply Kernel Variables...
[   15.833782] [mmc]: *** sunxi_mci_dump_errinfo(L826): smc 1 err, cmd 52,  RTO !!
[   15.833839] [mmc]: sdc1 set ios: clk 400000Hz bm PP pm ON vdd 3.3V width 1 timing LEGACY(SDR12) dt B
[   15.836360] [mmc]: sdc1 set ios: clk 400000Hz bm PP pm ON vdd 3.3V width 1 timing LEGACY(SDR12) dt B
[   15.838272] [mmc]: *** sunxi_mci_dump_errinfo(L826): smc 1 err, cmd 8,  RTO !!
[   15.838293] *******************Try sdio*******************
[   15.838637] [mmc]: sdc1 set ios: clk 400000Hz bm PP pm ON vdd 3.3V width 1 timing LEGACY(SDR12) dt B
[   15.848882] [mmc]: sdc1 set ios: clk 400000Hz bm PP pm ON vdd 3.3V width 1 timing SD-HS(SDR25) dt B
[   15.849029] [mmc]: sdc1 set ios: clk 50000000Hz bm PP pm ON vdd 3.3V width 1 timing SD-HS(SDR25) dt B
[   15.849185] [mmc]: sdc1 set ios: clk 50000000Hz bm PP pm ON vdd 3.3V width 4 timing SD-HS(SDR25) dt B
[   15.850073] mmc1: new high speed SDIO card at address 0001
[   15.850309] *******************sdio init ok*******************
[   15.853434] [wifi_pm]: set wl_reg_on 1 !
[   15.859629] bFWReady == _FALSE call reset 8051...
[   15.880936] bFWReady == _FALSE call reset 8051...
[   15.902096] bFWReady == _FALSE call reset 8051...
[   15.924644] RTL871X: rtw_ndev_init(wlan0)
[   15.925447] RTL871X: rtw_ndev_init(wlan1)
[   16.015696] RTL871X: module init ret=0
[   16.055755] systemd[1]: Started Kernel Module supporting RPCSEC_GSS.
[   16.100690] systemd[1]: Starting File System Check on Root Device...
[   16.113824] systemd[1]: Started Forward Password Requests to Wall Directory Watch.
[   16.125087] systemd[1]: Starting Forward Password Requests to Wall Directory Watch.
[   16.136581] systemd[1]: Mounted POSIX Message Queue File System.
[   16.240585] systemd[1]: Starting Create list of required static device nodes for the current kernel...
[   16.262178] systemd[1]: Listening on LVM2 metadata daemon socket.
[   16.271624] systemd[1]: Starting LVM2 metadata daemon socket.
[   16.350515] systemd[1]: Starting Monitoring of LVM2 mirrors, snapshots etc. using dmeventd or progress polling...
[   16.372892] systemd[1]: Reached target Swap.
[   16.381753] systemd[1]: Starting Swap.
[   16.396944] systemd[1]: Started Set Up Additional Binary Formats.
[   16.409928] systemd[1]: Listening on Journal Socket (/dev/log).
[   16.419350] systemd[1]: Starting Journal Socket (/dev/log).
[   16.570624] systemd[1]: Starting Journal Service...
[   16.588074] systemd[1]: Listening on /dev/initctl Compatibility Named Pipe.
[   16.599814] systemd[1]: Starting /dev/initctl Compatibility Named Pipe.
[   16.615807] systemd[1]: Listening on udev Kernel Socket.
[   16.625958] systemd[1]: Starting udev Kernel Socket.
[   16.720371] systemd[1]: Mounting NFSD configuration filesystem...
[   16.737153] systemd[1]: Mounted Huge Pages File System.
[   16.755047] systemd[1]: Mounted NFSD configuration filesystem.
[   16.769923] systemd[1]: Mounted Debug File System.
[   16.787064] systemd[1]: Mounted FUSE Control File System.
[   16.801671] systemd[1]: Started Journal Service.
[   16.811122] type=1130 audit(23.980:2): pid=1 uid=0 auid=4294967295 ses=4294967295 msg='unit=systemd-journald comm="systemd" exe="/usr/lib/systemd/systemd" hostname=? addr=? terminal=? res=success'
[   16.934534] type=1130 audit(24.100:3): pid=1 uid=0 auid=4294967295 ses=4294967295 msg='unit=fedora-loadmodules comm="systemd" exe="/usr/lib/systemd/systemd" hostname=? addr=? terminal=? res=success'
[   17.044821] type=1130 audit(24.210:4): pid=1 uid=0 auid=4294967295 ses=4294967295 msg='unit=systemd-vconsole-setup comm="systemd" exe="/usr/lib/systemd/systemd" hostname=? addr=? terminal=? res=success'
[   17.167774] type=1130 audit(24.330:5): pid=1 uid=0 auid=4294967295 ses=4294967295 msg='unit=systemd-sysctl comm="systemd" exe="/usr/lib/systemd/systemd" hostname=? addr=? terminal=? res=success'
[   17.258100] type=1130 audit(24.420:6): pid=1 uid=0 auid=4294967295 ses=4294967295 msg='unit=systemd-fsck-root comm="systemd" exe="/usr/lib/systemd/systemd" hostname=? addr=? terminal=? res=success'
[   17.385627] type=1130 audit(24.550:7): pid=1 uid=0 auid=4294967295 ses=4294967295 msg='unit=kmod-static-nodes comm="systemd" exe="/usr/lib/systemd/systemd" hostname=? addr=? terminal=? res=success'
[   17.476603] type=1130 audit(24.640:8): pid=1 uid=0 auid=4294967295 ses=4294967295 msg='unit=lvm2-lvmetad comm="systemd" exe="/usr/lib/systemd/systemd" hostname=? addr=? terminal=? res=success'
[   17.644397] EXT4-fs (mmcblk0p2): re-mounted. Opts: errors=remount-ro
[   17.705764] type=1130 audit(24.870:9): pid=1 uid=0 auid=4294967295 ses=4294967295 msg='unit=lvm2-monitor comm="systemd" exe="/usr/lib/systemd/systemd" hostname=? addr=? terminal=? res=success'
[   17.835795] type=1130 audit(25.000:10): pid=1 uid=0 auid=4294967295 ses=4294967295 msg='unit=systemd-remount-fs comm="systemd" exe="/usr/lib/systemd/systemd" hostname=? addr=? terminal=? res=success'
[   18.145257] type=1130 audit(25.310:11): pid=1 uid=0 auid=4294967295 ses=4294967295 msg='unit=fedora-readonly comm="systemd" exe="/usr/lib/systemd/systemd" hostname=? addr=? terminal=? res=success'
[   18.764945] systemd-journald[197]: Received request to flush runtime journal from PID 1
[   19.011722] vmouse_input_dev_open 
[   19.070033] vmouse_input_dev_close 
[   21.961000] audit_printk_skb: 18 callbacks suppressed
[   21.971352] type=1130 audit(29.130:18): pid=1 uid=0 auid=4294967295 ses=4294967295 msg='unit=dmraid-activation comm="systemd" exe="/usr/lib/systemd/systemd" hostname=? addr=? terminal=? res=success'
[   22.004984] type=1131 audit(29.170:19): pid=1 uid=0 auid=4294967295 ses=4294967295 msg='unit=dmraid-activation comm="systemd" exe="/usr/lib/systemd/systemd" hostname=? addr=? terminal=? res=success'
         Starting udev Wait for Complete Device Initialization...

         Starting udev Kernel Device Manager...

[[32m  OK  [0m] Reached target Local File Systems (Pre).

         Starting Load/Save Random Seed...

[[32m  OK  [0m] Started Load/Save Random Seed.

[[32m  OK  [0m] Started udev Kernel Device Manager.

[[32m  OK  [0m] Found device /dev/ttyS0.

[[32m  OK  [0m] Found device /dev/mmcblk0p1.

%G%G         Mounting /media/boot...

[[32m  OK  [0m] Reached target Sound Card.

[[32m  OK  [0m] Mounted /media/boot.

[[32m  OK  [0m] Started Flush Journal to Persistent Storage.

[[32m  OK  [0m] Started udev Wait for Complete Device Initialization.

         Starting Activation of DM RAID sets...

[[32m  OK  [0m] Started Activation of DM RAID sets.

[[32m  OK  [0m] Reached target Local File Systems.

         Starting Preprocess NFS configuration...

         Starting Tell Plymouth To Write Out Runtime Data...

         Starting Create Volatile Files and Directories...

         Starting Restore /run/initramfs on shutdown...

[[32m  OK  [0m] Reached target Encrypted Volumes.

[[32m  OK  [0m] Started Show Plymouth Boot Screen.

[   22.300967] type=1130 audit(29.470:20): pid=1 uid=0 auid=4294967295 ses=4294967295 msg='unit=plymouth-start comm="systemd" exe="/usr/lib/systemd/systemd" hostname=? addr=? terminal=? res=success'
[[32m  OK  [0m] Started Preprocess NFS configuration.

[   22.350762] type=1130 audit(29.520:21): pid=1 uid=0 auid=4294967295 ses=4294967295 msg='unit=nfs-config comm="systemd" exe="/usr/lib/systemd/systemd" hostname=? addr=? terminal=? res=success'
[[32m  OK  [0m] Started Tell Plymouth To Write Out Runtime Data.

[   22.400757] type=1130 audit(29.570:22): pid=1 uid=0 auid=4294967295 ses=4294967295 msg='unit=plymouth-read-write comm="systemd" exe="/usr/lib/systemd/systemd" hostname=? addr=? terminal=? res=success'
[   22.400850] type=1131 audit(29.570:23): pid=1 uid=0 auid=4294967295 ses=4294967295 msg='unit=plymouth-read-write comm="systemd" exe="/usr/lib/systemd/systemd" hostname=? addr=? terminal=? res=success'
[[32m  OK  [0m] Started Create Volatile Files and Directories.

[   22.520754] type=1130 audit(29.690:24): pid=1 uid=0 auid=4294967295 ses=4294967295 msg='unit=systemd-tmpfiles-setup comm="systemd" exe="/usr/lib/systemd/systemd" hostname=? addr=? terminal=? res=success'
[[32m  OK  [0m] Started Restore /run/initramfs on shutdown.

[   22.610761] type=1130 audit(29.780:25): pid=1 uid=0 auid=4294967295 ses=4294967295 msg='unit=dracut-shutdown comm="systemd" exe="/usr/lib/systemd/systemd" hostname=? addr=? terminal=? res=success'
         Starting Security Auditing Service...

[   22.797788] type=1305 audit(29.960:26): audit_enabled=1 old=1 auid=4294967295 ses=4294967295 res=1
[   22.815778] type=1305 audit(29.980:27): audit_pid=309 old=0 auid=4294967295 ses=4294967295 res=1
         Mounting RPC Pipe File System...

[[32m  OK  [0m] Started Security Auditing Service.

[[32m  OK  [0m] Mounted RPC Pipe File System.

         Starting Update UTMP about System Boot/Shutdown...

[[32m  OK  [0m] Started Update UTMP about System Boot/Shutdown.

[[32m  OK  [0m] Reached target System Initialization.

         Starting Console System Startup Logging...

[[32m  OK  [0m] Listening on Open-iSCSI iscsid Socket.

[[32m  OK  [0m] Reached target Timers.

[[32m  OK  [0m] Reached target Paths.

[[32m  OK  [0m] Listening on Open-iSCSI iscsiuio Socket.

[[32m  OK  [0m] Listening on CUPS Scheduler.

[[32m  OK  [0m] Listening on RPCbind Server Activation Socket.

[[32m  OK  [0m] Listening on Avahi mDNS/DNS-SD Stack Activation Socket.

[[32m  OK  [0m] Started Manage Sound Card State (restore and store).

         Starting Manage Sound Card State (restore and store)...

[[32m  OK  [0m] Listening on PC/SC Smart Card Daemon Activation Socket.

[[32m  OK  [0m] Listening on D-Bus System Message Bus Socket.

[[32m  OK  [0m] Reached target Sockets.

[[32m  OK  [0m] Reached target Basic System.

[[32m  OK  [0m] Started Self Monitoring and Reporting Technology (SMART) Daemon.

         Starting Self Monitoring and Reporting Technology (SMART) Daemon...

         Starting GSSAPI Proxy Daemon...

         Starting Avahi mDNS/DNS-SD Stack...

         Starting firewalld - dynamic firewall daemon...

         Starting ABRT Automated Bug Reporting Tool...

[[32m  OK  [0m] Started D-Bus System Message Bus.

[[32m  OK  [0m] Started Avahi mDNS/DNS-SD Stack.

         Starting D-Bus System Message Bus...

         Starting Login Service...

         Starting RealtimeKit Scheduling Policy Service...

[[32m  OK  [0m] Started irqbalance daemon.

         Starting irqbalance daemon...

[[32m  OK  [0m] Started Hardware RNG Entropy Gatherer Daemon.

         Starting Hardware RNG Entropy Gatherer Daemon...

         Starting System Logging Service...

         Starting NTP client/server...

[[32m  OK  [0m] Started Console System Startup Logging.

[[32m  OK  [0m] Started GSSAPI Proxy Daemon.

[[32m  OK  [0m] Started System Logging Service.

[[32m  OK  [0m] Started ABRT Automated Bug Reporting Tool.

[[32m  OK  [0m] Started RealtimeKit Scheduling Policy Service.

[[32m  OK  [0m] Started ABRT Xorg log watcher.

         Starting ABRT Xorg log watcher...

         Starting Install ABRT coredump hook...

[[32m  OK  [0m] Started ABRT kernel log watcher.

         Starting ABRT kernel log watcher...

[[32m  OK  [0m] Reached target NFS client services.

[[32m  OK  [0m] Started Login Service.

[[32m  OK  [0m] Started Install ABRT coredump hook.

[[32m  OK  [0m] Started NTP client/server.

[[32m  OK  [0m] Started firewalld - dynamic firewall daemon.

         Starting Network Manager...

[[32m  OK  [0m] Started Network Manager.

[[32m  OK  [0m] Reached target Network.

         Starting Notify NFS peers of a restart...

         Starting /etc/rc.d/rc.local Compatibility...

[[32m  OK  [0m] Started OpenSSH server daemon.

         Starting OpenSSH server daemon...

[[32m  OK  [0m] Started Logout off all iSCSI sessions on shutdown.

         Starting Logout off all iSCSI sessions on shutdown...

[[32m  OK  [0m] Reached target Remote File Systems (Pre).

[[32m  OK  [0m] Reached target Remote File Systems.

         Starting Permit User Sessions...

[[32m  OK  [0m] Started Notify NFS peers of a restart.

[[32m  OK  [0m] Started /etc/rc.d/rc.local Compatibility.

[[32m  OK  [0m] Started Permit User Sessions.

         Starting Wait for Plymouth Boot Screen to Quit...

[[32m  OK  [0m] Started Job spooling tools.

         Starting Job spooling tools...

         Starting Terminate Plymouth Boot Screen...



Fedora release 22 (Twenty Two)
Kernel 3.4.39 on an armv7l (ttyS0)

orangepi login: 
